# ===========================================================================
command: prodigy cluster1_1.pdb --selection A B --temperature 25 --contact_list --pymol_selection
exit status: 0
log:
[!] Structure contains gaps:
	A CYS56 < Fragment 0 > A PHE139
	A VAL150 < Fragment 1 > A LYS186
	A SER195 < Fragment 2 > A ILE208
	B SER57 < Fragment 3 > B ARG187
	B SER195 < Fragment 4 > B ILE208

[+] Executing 1 task(s) in total
##########################################
[+] Processing structure cluster1_1_model0
[+] No. of intermolecular contacts: 115
[+] No. of charged-charged contacts: 13.0
[+] No. of charged-polar contacts: 9.0
[+] No. of charged-apolar contacts: 33.0
[+] No. of polar-polar contacts: 2.0
[+] No. of apolar-polar contacts: 14.0
[+] No. of apolar-apolar contacts: 44.0
[+] Percentage of apolar NIS residues: 38.31
[+] Percentage of charged NIS residues: 27.86
[++] Predicted binding affinity (kcal.mol-1):    -12.3
[++] Predicted dissociation constant (M) at 25.0˚C:  1.0e-09
