[INFO] (file 1/19) - Processing file type 'em_mdp' with filename 'em.mdp'
[INFO] (file 1/19) - Writing content of file type 'em_mdp' with filename 'em.mdp' inside 'em.mdp'
[INFO] (file 2/19) - Processing file type 'AC_frcmod' with filename '_AC.frcmod'
[INFO] (file 2/19) - Writing content of file type 'AC_frcmod' with filename '_AC.frcmod' inside 'ligand_AC.frcmod'
[INFO] (file 3/19) - Processing file type 'AC_inpcrd' with filename '_AC.inpcrd'
[INFO] (file 3/19) - Writing content of file type 'AC_inpcrd' with filename '_AC.inpcrd' inside 'ligand_AC.inpcrd'
[INFO] (file 4/19) - Processing file type 'AC_lib' with filename '_AC.lib'
[INFO] (file 4/19) - Writing content of file type 'AC_lib' with filename '_AC.lib' inside 'ligand_AC.lib'
[INFO] (file 5/19) - Processing file type 'AC_prmtop' with filename '_AC.prmtop'
[INFO] (file 5/19) - Writing content of file type 'AC_prmtop' with filename '_AC.prmtop' inside 'ligand_AC.prmtop'
[INFO] (file 6/19) - Processing file type 'mol2' with filename '.mol2'
[INFO] (file 6/19) - Writing content of file type 'mol2' with filename '.mol2' inside 'ligand.mol2'
[INFO] (file 7/19) - Processing file type 'CHARMM_inp' with filename '_CHARMM.inp'
[INFO] (file 7/19) - Writing content of file type 'CHARMM_inp' with filename '_CHARMM.inp' inside 'ligand_CHARMM.inp'
[INFO] (file 8/19) - Processing file type 'CHARMM_prm' with filename '_CHARMM.prm'
[INFO] (file 8/19) - Writing content of file type 'CHARMM_prm' with filename '_CHARMM.prm' inside 'ligand_CHARMM.prm'
[INFO] (file 9/19) - Processing file type 'CHARMM_rtf' with filename '_CHARMM.rtf'
[INFO] (file 9/19) - Writing content of file type 'CHARMM_rtf' with filename '_CHARMM.rtf' inside 'ligand_CHARMM.rtf'
[INFO] (file 10/19) - Processing file type 'CNS_inp' with filename '_CNS.inp'
[INFO] (file 10/19) - Writing content of file type 'CNS_inp' with filename '_CNS.inp' inside 'ligand_CNS.inp'
[INFO] (file 11/19) - Processing file type 'CNS_par' with filename '_CNS.par'
[INFO] (file 11/19) - Writing content of file type 'CNS_par' with filename '_CNS.par' inside 'ligand_CNS.par'
[INFO] (file 12/19) - Processing file type 'CNS_top' with filename '_CNS.top'
[INFO] (file 12/19) - Writing content of file type 'CNS_top' with filename '_CNS.top' inside 'ligand_CNS.top'
[INFO] (file 13/19) - Processing file type 'GMX_OPLS_itp' with filename '_GMX_OPLS.itp'
[INFO] (file 13/19) - Writing content of file type 'GMX_OPLS_itp' with filename '_GMX_OPLS.itp' inside 'ligand_GMX_OPLS.itp'
[INFO] (file 14/19) - Processing file type 'GMX_OPLS_top' with filename '_GMX_OPLS.top'
[INFO] (file 14/19) - Writing content of file type 'GMX_OPLS_top' with filename '_GMX_OPLS.top' inside 'ligand_GMX_OPLS.top'
[INFO] (file 15/19) - Processing file type 'GMX_gro' with filename '_GMX.gro'
[INFO] (file 15/19) - Writing content of file type 'GMX_gro' with filename '_GMX.gro' inside 'ligand_GMX.gro'
[INFO] (file 16/19) - Processing file type 'GMX_itp' with filename '_GMX.itp'
[INFO] (file 16/19) - Writing content of file type 'GMX_itp' with filename '_GMX.itp' inside 'ligand_GMX.itp'
[INFO] (file 17/19) - Processing file type 'GMX_top' with filename '_GMX.top'
[INFO] (file 17/19) - Writing content of file type 'GMX_top' with filename '_GMX.top' inside 'ligand_GMX.top'
[INFO] (file 18/19) - Processing file type 'NEW_pdb' with filename '_NEW.pdb'
[INFO] (file 18/19) - Writing content of file type 'NEW_pdb' with filename '_NEW.pdb' inside 'ligand_NEW.pdb'
[INFO] (file 19/19) - Processing file type 'md_mdp' with filename 'md.mdp'
[INFO] (file 19/19) - Writing content of file type 'md_mdp' with filename 'md.mdp' inside 'md.mdp'
[INFO] All the file types were processed. Files processed with success=19; files skipped=0
